 
****************************************
Report : area
Design : fifoo
Version: W-2024.09
Date   : Thu Jul  9 17:56:05 2026
****************************************

Information: Updating design information... (UID-85)
Library(s) Used:

    saed32rvt_ss0p7vn40c (File: /home/student/prac/Workshop/ref/lib/stdcell_rvt/saed32rvt_ss0p7vn40c.db)

Number of ports:                           24
Number of nets:                           653
Number of cells:                          525
Number of combinational cells:            374
Number of sequential cells:               150
Number of macros/black boxes:               0
Number of buf/inv:                         28
Number of references:                      28

Combinational area:                967.017940
Buf/Inv area:                       38.121600
Noncombinational area:             991.669920
Macro/Black Box area:                0.000000
Net Interconnect area:             380.486082

Total cell area:                  1958.687860
Total area:                       2339.173942
1
