 
****************************************
Report : qor
Design : fifoo
Version: W-2024.09
Date   : Thu Jul  9 17:56:05 2026
****************************************


  Timing Path Group 'CLK'
  -----------------------------------
  Levels of Logic:               7.00
  Critical Path Length:          3.37
  Critical Path Slack:           0.00
  Critical Path Clk Period:      4.00
  Total Negative Slack:          0.00
  No. of Violating Paths:        0.00
  Worst Hold Violation:          0.00
  Total Hold Violation:          0.00
  No. of Hold Violations:        0.00
  -----------------------------------


  Cell Count
  -----------------------------------
  Hierarchical Cell Count:          0
  Hierarchical Port Count:          0
  Leaf Cell Count:                524
  Buf/Inv Cell Count:              28
  Buf Cell Count:                   3
  Inv Cell Count:                  25
  CT Buf/Inv Cell Count:            0
  Combinational Cell Count:       374
  Sequential Cell Count:          150
  Macro Count:                      0
  -----------------------------------


  Area
  -----------------------------------
  Combinational Area:      967.017940
  Noncombinational Area:   991.669920
  Buf/Inv Area:             38.121600
  Total Buffer Area:             6.10
  Total Inverter Area:          32.02
  Macro/Black Box Area:      0.000000
  Net Area:                380.486082
  -----------------------------------
  Cell Area:              1958.687860
  Design Area:            2339.173942


  Design Rules
  -----------------------------------
  Total Number of Nets:           653
  Nets With Violations:             7
  Max Trans Violations:             7
  Max Cap Violations:               0
  -----------------------------------


  Hostname: ict-chipin.sot.pdpu.ac.in

  Compile CPU Statistics
  -----------------------------------------
  Resource Sharing:                    0.05
  Logic Optimization:                  0.73
  Mapping Optimization:                3.91
  -----------------------------------------
  Overall Compile Time:                8.33
  Overall Compile Wall Clock Time:     8.68

  --------------------------------------------------------------------

  Design  WNS: 0.00  TNS: 0.00  Number of Violating Paths: 0


  Design (Hold)  WNS: 0.00  TNS: 0.00  Number of Violating Paths: 0

  --------------------------------------------------------------------


1
