 
****************************************
Report : power
        -analysis_effort low
Design : fifoo
Version: W-2024.09
Date   : Thu Jul  9 17:56:05 2026
****************************************


Library(s) Used:

    saed32rvt_ss0p7vn40c (File: /home/student/prac/Workshop/ref/lib/stdcell_rvt/saed32rvt_ss0p7vn40c.db)


Operating Conditions: ss0p7vn40c   Library: saed32rvt_ss0p7vn40c
Wire Load Model Mode: enclosed

Design        Wire Load Model            Library
------------------------------------------------
fifoo                  8000              saed32rvt_ss0p7vn40c


Global Operating Voltage = 0.7  
Power-specific unit information :
    Voltage Units = 1V
    Capacitance Units = 1.000000ff
    Time Units = 1ns
    Dynamic Power Units = 1uW    (derived from V,C,T units)
    Leakage Power Units = 1pW


Attributes
----------
i - Including register clock pin internal power


  Cell Internal Power  = 118.1079 uW   (99%)
  Net Switching Power  =   1.4248 uW    (1%)
                         ---------
Total Dynamic Power    = 119.5327 uW  (100%)

Cell Leakage Power     =  11.1782 uW


                 Internal         Switching           Leakage            Total
Power Group      Power            Power               Power              Power   (   %    )  Attrs
--------------------------------------------------------------------------------------------------
io_pad             0.0000            0.0000            0.0000            0.0000  (   0.00%)
memory             0.0000            0.0000            0.0000            0.0000  (   0.00%)
black_box          0.0000            0.0000            0.0000            0.0000  (   0.00%)
clock_network    115.2192            0.0000            0.0000          115.2192  (  88.15%)  i
register           0.4316            0.2748        1.1151e+07           11.8568  (   9.07%)
sequential         0.0000            0.0000            0.0000            0.0000  (   0.00%)
combinational      2.4571            1.1500        2.7648e+04            3.6348  (   2.78%)
--------------------------------------------------------------------------------------------------
Total            118.1079 uW         1.4248 uW     1.1178e+07 pW       130.7108 uW
1
